
> pihub-investor-credittech-frontend@0.1.0 build /home/runner/work/Pihub-Investor/Pihub-Investor
> react-scripts build

Creating an optimized production build...
Browserslist: caniuse-lite is outdated. Please run next command `yarn upgrade`

Treating warnings as errors because process.env.CI = true.
Most CI servers set it automatically.

Failed to compile.

./src/components/user/SetPassword.js
  Line 10:  'token' is assigned a value but never used  no-unused-vars

./src/components/credits/CreditorDetail.js
  Line 11:  'ToEuro' is defined but never used  no-unused-vars

./src/components/user/profile/ViewProfile.js
  Line 14:   'fname' is assigned a value but never used           no-unused-vars
  Line 14:   'lname' is assigned a value but never used           no-unused-vars
  Line 14:   'email' is assigned a value but never used           no-unused-vars
  Line 14:   'phone_number' is assigned a value but never used    no-unused-vars
  Line 14:  'document_link' is assigned a value but never used   no-unused-vars
  Line 14:  'linked_in_link' is assigned a value but never used  no-unused-vars

./src/components/products/Add.js
  Line 15:  'extractNames' is defined but never used            no-unused-vars
  Line 15:  'extractId' is defined but never used               no-unused-vars
  Line 175:  'time_duration' is assigned a value but never used  no-unused-vars

./src/components/products/Edit.js
  Line 16:   'extractId' is defined but never used               no-unused-vars
  Line 110:  Expected to return a value in arrow function        array-callback-return
  Line 221:  'time_duration' is assigned a value but never used  no-unused-vars

./src/actions/profile.js
  Line 19:  Expected to return a value in arrow function  array-callback-return
  Line 26:  Expected to return a value in arrow function  array-callback-return

./src/components/general/TermsCondition.js
  Line 1:    'Fragment' is defined but never used                                              no-unused-vars
  Line 53:   Headings must have content and the content must be accessible by a screen reader  jsx-a11y/heading-has-content
  Line 60:   Headings must have content and the content must be accessible by a screen reader  jsx-a11y/heading-has-content
  Line 64:   Headings must have content and the content must be accessible by a screen reader  jsx-a11y/heading-has-content
  Line 83:   Headings must have content and the content must be accessible by a screen reader  jsx-a11y/heading-has-content
  Line 92:   Headings must have content and the content must be accessible by a screen reader  jsx-a11y/heading-has-content
  Line 173:  Headings must have content and the content must be accessible by a screen reader  jsx-a11y/heading-has-content
  Line 182:  Headings must have content and the content must be accessible by a screen reader  jsx-a11y/heading-has-content
  Line 195:  Headings must have content and the content must be accessible by a screen reader  jsx-a11y/heading-has-content
  Line 202:  Headings must have content and the content must be accessible by a screen reader  jsx-a11y/heading-has-content
  Line 209:  Headings must have content and the content must be accessible by a screen reader  jsx-a11y/heading-has-content
  Line 230:  Headings must have content and the content must be accessible by a screen reader  jsx-a11y/heading-has-content
  Line 235:  Headings must have content and the content must be accessible by a screen reader  jsx-a11y/heading-has-content
  Line 244:  Headings must have content and the content must be accessible by a screen reader  jsx-a11y/heading-has-content
  Line 246:  Headings must have content and the content must be accessible by a screen reader  jsx-a11y/heading-has-content
  Line 253:  Headings must have content and the content must be accessible by a screen reader  jsx-a11y/heading-has-content
  Line 258:  Headings must have content and the content must be accessible by a screen reader  jsx-a11y/heading-has-content
  Line 264:  Headings must have content and the content must be accessible by a screen reader  jsx-a11y/heading-has-content
  Line 269:  Headings must have content and the content must be accessible by a screen reader  jsx-a11y/heading-has-content
  Line 302:  Headings must have content and the content must be accessible by a screen reader  jsx-a11y/heading-has-content
  Line 303:  Headings must have content and the content must be accessible by a screen reader  jsx-a11y/heading-has-content
  Line 307:  Headings must have content and the content must be accessible by a screen reader  jsx-a11y/heading-has-content
  Line 315:  Headings must have content and the content must be accessible by a screen reader  jsx-a11y/heading-has-content
  Line 325:  Headings must have content and the content must be accessible by a screen reader  jsx-a11y/heading-has-content
  Line 328:  Headings must have content and the content must be accessible by a screen reader  jsx-a11y/heading-has-content
  Line 332:  Headings must have content and the content must be accessible by a screen reader  jsx-a11y/heading-has-content
  Line 340:  Headings must have content and the content must be accessible by a screen reader  jsx-a11y/heading-has-content
  Line 345:  Headings must have content and the content must be accessible by a screen reader  jsx-a11y/heading-has-content
  Line 349:  Headings must have content and the content must be accessible by a screen reader  jsx-a11y/heading-has-content
  Line 360:  Headings must have content and the content must be accessible by a screen reader  jsx-a11y/heading-has-content
  Line 365:  Headings must have content and the content must be accessible by a screen reader  jsx-a11y/heading-has-content

./src/components/products/View.js
  Line 22:   The href attribute requires a valid value to be accessible. Provide a valid, navigable address as the href value. If you cannot provide a valid href, but still need the element to resemble a link, use a button and change it with appropriate styles. Learn more: https://github.com/evcohen/eslint-plugin-jsx-a11y/blob/master/docs/rules/anchor-is-valid.md         jsx-a11y/anchor-is-valid
  Line 31:   The href attribute requires a valid value to be accessible. Provide a valid, navigable address as the href value. If you cannot provide a valid href, but still need the element to resemble a link, use a button and change it with appropriate styles. Learn more: https://github.com/evcohen/eslint-plugin-jsx-a11y/blob/master/docs/rules/anchor-is-valid.md         jsx-a11y/anchor-is-valid
  Line 76:   'investor' is assigned a value but never used                                                                                                                                                                                                                                                                                                                            no-unused-vars
  Line 77:   'product_code' is assigned a value but never used                                                                                                                                                                                                                                                                                                                        no-unused-vars
  Line 123:  The href attribute requires a valid value to be accessible. Provide a valid, navigable address as the href value. If you cannot provide a valid href, but still need the element to resemble a link, use a button and change it with appropriate styles. Learn more: https://github.com/evcohen/eslint-plugin-jsx-a11y/blob/master/docs/rules/anchor-is-valid.md         jsx-a11y/anchor-is-valid
  Line 127:  The href attribute is required for an anchor to be keyboard accessible. Provide a valid, navigable address as the href value. If you cannot provide an href, but still need the element to resemble a link, use a button and change it with appropriate styles. Learn more: https://github.com/evcohen/eslint-plugin-jsx-a11y/blob/master/docs/rules/anchor-is-valid.md  jsx-a11y/anchor-is-valid
  Line 131:  The href attribute is required for an anchor to be keyboard accessible. Provide a valid, navigable address as the href value. If you cannot provide an href, but still need the element to resemble a link, use a button and change it with appropriate styles. Learn more: https://github.com/evcohen/eslint-plugin-jsx-a11y/blob/master/docs/rules/anchor-is-valid.md  jsx-a11y/anchor-is-valid
  Line 144:  The href attribute is required for an anchor to be keyboard accessible. Provide a valid, navigable address as the href value. If you cannot provide an href, but still need the element to resemble a link, use a button and change it with appropriate styles. Learn more: https://github.com/evcohen/eslint-plugin-jsx-a11y/blob/master/docs/rules/anchor-is-valid.md  jsx-a11y/anchor-is-valid
  Line 168:  The href attribute is required for an anchor to be keyboard accessible. Provide a valid, navigable address as the href value. If you cannot provide an href, but still need the element to resemble a link, use a button and change it with appropriate styles. Learn more: https://github.com/evcohen/eslint-plugin-jsx-a11y/blob/master/docs/rules/anchor-is-valid.md  jsx-a11y/anchor-is-valid
  Line 174:  The href attribute requires a valid value to be accessible. Provide a valid, navigable address as the href value. If you cannot provide a valid href, but still need the element to resemble a link, use a button and change it with appropriate styles. Learn more: https://github.com/evcohen/eslint-plugin-jsx-a11y/blob/master/docs/rules/anchor-is-valid.md         jsx-a11y/anchor-is-valid
  Line 181:  The href attribute requires a valid value to be accessible. Provide a valid, navigable address as the href value. If you cannot provide a valid href, but still need the element to resemble a link, use a button and change it with appropriate styles. Learn more: https://github.com/evcohen/eslint-plugin-jsx-a11y/blob/master/docs/rules/anchor-is-valid.md         jsx-a11y/anchor-is-valid

./src/_utils/validate.js
  Line 26:  Unnecessary escape character: \s  no-useless-escape

./src/actions/formDataRequest.js
  Line 27:  'clientWithForm' is assigned a value but never used  no-unused-vars

./src/actions/index.js
  Line 28:  'client' is assigned a value but never used  no-unused-vars

./src/components/products/AppliedList.js
  Line 29:   The href attribute requires a valid value to be accessible. Provide a valid, navigable address as the href value. If you cannot provide a valid href, but still need the element to resemble a link, use a button and change it with appropriate styles. Learn more: https://github.com/evcohen/eslint-plugin-jsx-a11y/blob/master/docs/rules/anchor-is-valid.md  jsx-a11y/anchor-is-valid
  Line 32:   The href attribute requires a valid value to be accessible. Provide a valid, navigable address as the href value. If you cannot provide a valid href, but still need the element to resemble a link, use a button and change it with appropriate styles. Learn more: https://github.com/evcohen/eslint-plugin-jsx-a11y/blob/master/docs/rules/anchor-is-valid.md  jsx-a11y/anchor-is-valid
  Line 45:   The href attribute requires a valid value to be accessible. Provide a valid, navigable address as the href value. If you cannot provide a valid href, but still need the element to resemble a link, use a button and change it with appropriate styles. Learn more: https://github.com/evcohen/eslint-plugin-jsx-a11y/blob/master/docs/rules/anchor-is-valid.md  jsx-a11y/anchor-is-valid
  Line 48:   The href attribute requires a valid value to be accessible. Provide a valid, navigable address as the href value. If you cannot provide a valid href, but still need the element to resemble a link, use a button and change it with appropriate styles. Learn more: https://github.com/evcohen/eslint-plugin-jsx-a11y/blob/master/docs/rules/anchor-is-valid.md  jsx-a11y/anchor-is-valid
  Line 61:   The href attribute requires a valid value to be accessible. Provide a valid, navigable address as the href value. If you cannot provide a valid href, but still need the element to resemble a link, use a button and change it with appropriate styles. Learn more: https://github.com/evcohen/eslint-plugin-jsx-a11y/blob/master/docs/rules/anchor-is-valid.md  jsx-a11y/anchor-is-valid
  Line 64:   The href attribute requires a valid value to be accessible. Provide a valid, navigable address as the href value. If you cannot provide a valid href, but still need the element to resemble a link, use a button and change it with appropriate styles. Learn more: https://github.com/evcohen/eslint-plugin-jsx-a11y/blob/master/docs/rules/anchor-is-valid.md  jsx-a11y/anchor-is-valid
  Line 77:   The href attribute requires a valid value to be accessible. Provide a valid, navigable address as the href value. If you cannot provide a valid href, but still need the element to resemble a link, use a button and change it with appropriate styles. Learn more: https://github.com/evcohen/eslint-plugin-jsx-a11y/blob/master/docs/rules/anchor-is-valid.md  jsx-a11y/anchor-is-valid
  Line 80:   The href attribute requires a valid value to be accessible. Provide a valid, navigable address as the href value. If you cannot provide a valid href, but still need the element to resemble a link, use a button and change it with appropriate styles. Learn more: https://github.com/evcohen/eslint-plugin-jsx-a11y/blob/master/docs/rules/anchor-is-valid.md  jsx-a11y/anchor-is-valid
  Line 93:   The href attribute requires a valid value to be accessible. Provide a valid, navigable address as the href value. If you cannot provide a valid href, but still need the element to resemble a link, use a button and change it with appropriate styles. Learn more: https://github.com/evcohen/eslint-plugin-jsx-a11y/blob/master/docs/rules/anchor-is-valid.md  jsx-a11y/anchor-is-valid
  Line 96:   The href attribute requires a valid value to be accessible. Provide a valid, navigable address as the href value. If you cannot provide a valid href, but still need the element to resemble a link, use a button and change it with appropriate styles. Learn more: https://github.com/evcohen/eslint-plugin-jsx-a11y/blob/master/docs/rules/anchor-is-valid.md  jsx-a11y/anchor-is-valid
  Line 109:  The href attribute requires a valid value to be accessible. Provide a valid, navigable address as the href value. If you cannot provide a valid href, but still need the element to resemble a link, use a button and change it with appropriate styles. Learn more: https://github.com/evcohen/eslint-plugin-jsx-a11y/blob/master/docs/rules/anchor-is-valid.md  jsx-a11y/anchor-is-valid
  Line 112:  The href attribute requires a valid value to be accessible. Provide a valid, navigable address as the href value. If you cannot provide a valid href, but still need the element to resemble a link, use a button and change it with appropriate styles. Learn more: https://github.com/evcohen/eslint-plugin-jsx-a11y/blob/master/docs/rules/anchor-is-valid.md  jsx-a11y/anchor-is-valid
  Line 125:  The href attribute requires a valid value to be accessible. Provide a valid, navigable address as the href value. If you cannot provide a valid href, but still need the element to resemble a link, use a button and change it with appropriate styles. Learn more: https://github.com/evcohen/eslint-plugin-jsx-a11y/blob/master/docs/rules/anchor-is-valid.md  jsx-a11y/anchor-is-valid
  Line 128:  The href attribute requires a valid value to be accessible. Provide a valid, navigable address as the href value. If you cannot provide a valid href, but still need the element to resemble a link, use a button and change it with appropriate styles. Learn more: https://github.com/evcohen/eslint-plugin-jsx-a11y/blob/master/docs/rules/anchor-is-valid.md  jsx-a11y/anchor-is-valid
  Line 141:  The href attribute requires a valid value to be accessible. Provide a valid, navigable address as the href value. If you cannot provide a valid href, but still need the element to resemble a link, use a button and change it with appropriate styles. Learn more: https://github.com/evcohen/eslint-plugin-jsx-a11y/blob/master/docs/rules/anchor-is-valid.md  jsx-a11y/anchor-is-valid
  Line 144:  The href attribute requires a valid value to be accessible. Provide a valid, navigable address as the href value. If you cannot provide a valid href, but still need the element to resemble a link, use a button and change it with appropriate styles. Learn more: https://github.com/evcohen/eslint-plugin-jsx-a11y/blob/master/docs/rules/anchor-is-valid.md  jsx-a11y/anchor-is-valid

./src/actions/uploadFile.js
  Line 3:  'ERROR' is defined but never used  no-unused-vars

./src/actions/confirmEmail.js
  Line 3:  'ERROR' is defined but never used  no-unused-vars

./src/actions/password.js
  Line 3:  'GET_TOKEN_FOR_EMAIL' is defined but never used  no-unused-vars

./src/actions/credits.js
  Line 3:  'ERROR' is defined but never used  no-unused-vars

./src/actions/application.js
  Line 3:  'ERROR' is defined but never used  no-unused-vars

./src/components/products/List.js
  Line 41:  Expected to return a value at the end of arrow function  array-callback-return

./src/actions/statesCounties.js
  Line 4:   'extractIdCounty' is defined but never used   no-unused-vars
  Line 4:   'renameKeys' is defined but never used        no-unused-vars
  Line 21:  Expected to return a value in arrow function  array-callback-return

./src/actions/signup.js
  Line 4:  'AUTH_ERROR' is defined but never used              no-unused-vars
  Line 5:  'AUTH_USER' is defined but never used               no-unused-vars
  Line 6:  'GET_NOTIFICATION_COUNT' is defined but never used  no-unused-vars

./src/components/credits/DetailCreditRequest.js
  Line 4:   'Subheader' is defined but never used  no-unused-vars
  Line 8:  'ToEuro' is defined but never used     no-unused-vars
  Line 9:  'dDigit' is defined but never used     no-unused-vars
  Line 10:  'Moment' is defined but never used     no-unused-vars

./src/actions/industry.js
  Line 5:  'en' is defined but never used                  no-unused-vars
  Line 6:  'de' is defined but never used                  no-unused-vars
  Line 7:  'Translate' is assigned a value but never used  no-unused-vars

./src/actions/product.js
  Line 60:   Expected to return a value in arrow function  array-callback-return
  Line 131:  Expected to return a value in arrow function  array-callback-return
  Line 142:  Expected to return a value in arrow function  array-callback-return
  Line 175:  Expected to return a value in arrow function  array-callback-return

./src/components/general/Header.js
  Line 63:  The href attribute is required for an anchor to be keyboard accessible. Provide a valid, navigable address as the href value. If you cannot provide an href, but still need the element to resemble a link, use a button and change it with appropriate styles. Learn more: https://github.com/evcohen/eslint-plugin-jsx-a11y/blob/master/docs/rules/anchor-is-valid.md  jsx-a11y/anchor-is-valid

./src/_utils/misc.js
  Line 6:    Expected to return a value in arrow function             array-callback-return
  Line 21:   Expected to return a value in arrow function             array-callback-return
  Line 35:   Expected to return a value at the end of arrow function  array-callback-return
  Line 49:   Expected to return a value in arrow function             array-callback-return
  Line 63:   Expected to return a value in arrow function             array-callback-return
  Line 75:   Expected to return a value in arrow function             array-callback-return
  Line 82:   Expected to return a value in arrow function             array-callback-return
  Line 98:   Expected to return a value at the end of arrow function  array-callback-return
  Line 131:  Expected to return a value in arrow function             array-callback-return
  Line 145:  Expected to return a value at the end of arrow function  array-callback-return
  Line 161:  Expected to return a value at the end of arrow function  array-callback-return

./src/index.js
  Line 6:  'Redirect' is defined but never used         no-unused-vars
  Line 13:  'NoMatch' is defined but never used          no-unused-vars
  Line 41:  'ViewApplication' is defined but never used  no-unused-vars

./src/components/user/profile/EditProfile.js
  Line 7:  'Subheader' is defined but never used  no-unused-vars

./src/components/credits/CreditInfo.js
  Line 95:   'duration' is assigned a value but never used                                                                                                                                                                                                                                                                                                                     no-unused-vars
  Line 101:  'rating_for_credit' is assigned a value but never used                                                                                                                                                                                                                                                                                                            no-unused-vars
  Line 163:  The href attribute requires a valid value to be accessible. Provide a valid, navigable address as the href value. If you cannot provide a valid href, but still need the element to resemble a link, use a button and change it with appropriate styles. Learn more: https://github.com/evcohen/eslint-plugin-jsx-a11y/blob/master/docs/rules/anchor-is-valid.md  jsx-a11y/anchor-is-valid

./src/components/credits/RequestedByList.js
  Line 9:  'Moment' is defined but never used  no-unused-vars


npm ERR! code ELIFECYCLE
npm ERR! errno 1
npm ERR! pihub-investor-credittech-frontend@0.1.0 build: `react-scripts build`
npm ERR! Exit status 1
npm ERR! 
npm ERR! Failed at the pihub-investor-credittech-frontend@0.1.0 build script.
npm ERR! This is probably not a problem with npm. There is likely additional logging output above.

npm ERR! A complete log of this run can be found in:
npm ERR!     /home/runner/.npm/_logs/2026-08-07T04_05_20_485Z-debug.log
